2026-09-09 05:04:38.391 [info] Reading sessions from keychain...
2026-09-09 05:04:38.391 [info] Getting sessions for all scopes...
2026-09-09 05:04:38.391 [info] Got 0 sessions for all scopes...
2026-09-09 05:04:38.391 [info] Getting sessions for all scopes...
2026-09-09 05:04:38.391 [info] Got 0 sessions for all scopes...
2026-09-09 05:04:38.391 [info] Getting sessions for all scopes...
2026-09-09 05:04:38.391 [info] Got 0 sessions for all scopes...
2026-09-09 05:04:38.391 [info] Getting sessions for all scopes...
2026-09-09 05:04:38.391 [info] Got 0 sessions for all scopes...
2026-09-09 05:04:38.391 [info] Getting sessions for all scopes...
2026-09-09 05:04:38.391 [info] Got 0 sessions for all scopes...
2026-09-09 05:04:38.391 [info] Getting sessions for read:user,user:email...
2026-09-09 05:04:38.391 [info] Got 0 sessions for read:user,user:email...
2026-09-09 05:04:38.477 [info] Getting sessions for all scopes...
2026-09-09 05:04:38.477 [info] Got 0 sessions for all scopes...
2026-09-09 05:04:40.625 [info] Getting sessions for repo...
2026-09-09 05:04:40.625 [info] Got 0 sessions for repo...
2026-09-09 05:04:40.957 [info] Getting sessions for all scopes...
2026-09-09 05:04:40.957 [info] Got 0 sessions for all scopes...
2026-09-09 05:04:41.018 [info] Getting sessions for read:user,user:email...
2026-09-09 05:04:41.018 [info] Got 0 sessions for read:user,user:email...
2026-09-09 05:04:41.039 [info] Getting sessions for all scopes...
2026-09-09 05:04:41.039 [info] Got 0 sessions for all scopes...
2026-09-09 05:04:41.068 [info] Getting sessions for repo...
2026-09-09 05:04:41.068 [info] Got 0 sessions for repo...
2026-09-09 05:04:41.097 [info] Getting sessions for all scopes...
2026-09-09 05:04:41.097 [info] Got 0 sessions for all scopes...
2026-09-09 05:04:44.943 [info] Getting sessions for all scopes...
2026-09-09 05:04:44.944 [info] Got 0 sessions for all scopes...
