2026-09-06 10:32:27.311 [info] Reading sessions from keychain...
2026-09-06 10:32:27.311 [info] Getting sessions for all scopes...
2026-09-06 10:32:27.311 [info] Got 0 sessions for all scopes...
2026-09-06 10:32:27.311 [info] Getting sessions for all scopes...
2026-09-06 10:32:27.311 [info] Got 0 sessions for all scopes...
2026-09-06 10:32:27.311 [info] Getting sessions for all scopes...
2026-09-06 10:32:27.311 [info] Got 0 sessions for all scopes...
2026-09-06 10:32:27.311 [info] Getting sessions for all scopes...
2026-09-06 10:32:27.311 [info] Got 0 sessions for all scopes...
2026-09-06 10:32:34.276 [info] Getting sessions for read:user,user:email...
2026-09-06 10:32:34.277 [info] Got 0 sessions for read:user,user:email...
2026-09-06 10:32:34.306 [info] Getting sessions for read:user,user:email...
2026-09-06 10:32:34.307 [info] Got 0 sessions for read:user,user:email...
2026-09-06 10:32:34.307 [info] Getting sessions for read:user,user:email...
2026-09-06 10:32:34.307 [info] Got 0 sessions for read:user,user:email...
2026-09-06 10:32:34.307 [info] Getting sessions for read:user,user:email...
2026-09-06 10:32:34.307 [info] Got 0 sessions for read:user,user:email...
2026-09-06 10:32:34.307 [info] Getting sessions for read:user,user:email...
2026-09-06 10:32:34.307 [info] Got 0 sessions for read:user,user:email...
2026-09-06 10:32:34.308 [info] Getting sessions for read:user,user:email...
2026-09-06 10:32:34.308 [info] Got 0 sessions for read:user,user:email...
2026-09-06 10:32:34.309 [info] Getting sessions for read:user,user:email...
2026-09-06 10:32:34.309 [info] Got 0 sessions for read:user,user:email...
2026-09-06 10:32:34.309 [info] Getting sessions for read:user,user:email...
2026-09-06 10:32:34.309 [info] Got 0 sessions for read:user,user:email...
2026-09-06 10:32:34.310 [info] Getting sessions for read:user,user:email...
2026-09-06 10:32:34.310 [info] Got 0 sessions for read:user,user:email...
2026-09-06 10:32:34.311 [info] Getting sessions for read:user,user:email...
2026-09-06 10:32:34.311 [info] Got 0 sessions for read:user,user:email...
2026-09-06 10:32:34.311 [info] Getting sessions for read:user,user:email...
2026-09-06 10:32:34.311 [info] Got 0 sessions for read:user,user:email...
2026-09-06 10:32:34.312 [info] Getting sessions for read:user,user:email...
2026-09-06 10:32:34.312 [info] Got 0 sessions for read:user,user:email...
2026-09-06 10:32:34.314 [info] Getting sessions for read:user,user:email...
2026-09-06 10:32:34.315 [info] Got 0 sessions for read:user,user:email...
2026-09-06 10:32:34.717 [info] Getting sessions for all scopes...
2026-09-06 10:32:34.717 [info] Got 0 sessions for all scopes...
2026-09-06 10:32:34.930 [info] Getting sessions for all scopes...
2026-09-06 10:32:34.930 [info] Got 0 sessions for all scopes...
2026-09-06 10:32:34.931 [info] Getting sessions for all scopes...
2026-09-06 10:32:34.931 [info] Got 0 sessions for all scopes...
2026-09-06 10:32:34.931 [info] Getting sessions for all scopes...
2026-09-06 10:32:34.932 [info] Got 0 sessions for all scopes...
2026-09-06 10:32:34.932 [info] Getting sessions for all scopes...
2026-09-06 10:32:34.932 [info] Got 0 sessions for all scopes...
2026-09-06 10:32:34.932 [info] Getting sessions for all scopes...
2026-09-06 10:32:34.932 [info] Got 0 sessions for all scopes...
2026-09-06 10:32:34.933 [info] Getting sessions for all scopes...
2026-09-06 10:32:34.933 [info] Got 0 sessions for all scopes...
2026-09-06 10:32:34.933 [info] Getting sessions for all scopes...
2026-09-06 10:32:34.933 [info] Got 0 sessions for all scopes...
2026-09-06 10:32:34.933 [info] Getting sessions for all scopes...
2026-09-06 10:32:34.934 [info] Got 0 sessions for all scopes...
2026-09-06 10:32:34.934 [info] Getting sessions for all scopes...
2026-09-06 10:32:34.934 [info] Got 0 sessions for all scopes...
2026-09-06 10:32:34.934 [info] Getting sessions for all scopes...
2026-09-06 10:32:34.934 [info] Got 0 sessions for all scopes...
2026-09-06 10:32:34.935 [info] Getting sessions for all scopes...
2026-09-06 10:32:34.935 [info] Got 0 sessions for all scopes...
2026-09-06 10:32:34.935 [info] Getting sessions for all scopes...
2026-09-06 10:32:34.935 [info] Got 0 sessions for all scopes...
2026-09-06 10:32:34.945 [info] Getting sessions for repo...
2026-09-06 10:32:34.946 [info] Got 0 sessions for repo...
2026-09-06 10:32:35.018 [info] Getting sessions for repo...
2026-09-06 10:32:35.018 [info] Got 0 sessions for repo...
2026-09-06 10:32:35.019 [info] Getting sessions for repo...
2026-09-06 10:32:35.019 [info] Got 0 sessions for repo...
2026-09-06 10:32:35.019 [info] Getting sessions for repo...
2026-09-06 10:32:35.019 [info] Got 0 sessions for repo...
2026-09-06 10:32:35.056 [info] Getting sessions for repo...
2026-09-06 10:32:35.056 [info] Got 0 sessions for repo...
2026-09-06 10:32:35.057 [info] Getting sessions for repo...
2026-09-06 10:32:35.057 [info] Got 0 sessions for repo...
2026-09-06 10:32:35.058 [info] Getting sessions for repo...
2026-09-06 10:32:35.058 [info] Got 0 sessions for repo...
2026-09-06 10:32:35.059 [info] Getting sessions for repo...
2026-09-06 10:32:35.059 [info] Got 0 sessions for repo...
2026-09-06 10:32:35.060 [info] Getting sessions for repo...
2026-09-06 10:32:35.060 [info] Got 0 sessions for repo...
2026-09-06 10:32:35.061 [info] Getting sessions for repo...
2026-09-06 10:32:35.062 [info] Got 0 sessions for repo...
2026-09-06 10:32:35.062 [info] Getting sessions for repo...
2026-09-06 10:32:35.062 [info] Got 0 sessions for repo...
2026-09-06 10:32:35.062 [info] Getting sessions for repo...
2026-09-06 10:32:35.062 [info] Got 0 sessions for repo...
2026-09-06 10:32:35.062 [info] Getting sessions for repo...
2026-09-06 10:32:35.062 [info] Got 0 sessions for repo...
2026-09-06 10:32:35.063 [info] Getting sessions for all scopes...
2026-09-06 10:32:35.063 [info] Got 0 sessions for all scopes...
2026-09-06 10:32:35.189 [info] Getting sessions for all scopes...
2026-09-06 10:32:35.189 [info] Got 0 sessions for all scopes...
2026-09-06 10:32:35.196 [info] Getting sessions for all scopes...
2026-09-06 10:32:35.200 [info] Got 0 sessions for all scopes...
2026-09-06 10:32:35.200 [info] Getting sessions for all scopes...
2026-09-06 10:32:35.201 [info] Got 0 sessions for all scopes...
2026-09-06 10:32:35.206 [info] Getting sessions for all scopes...
2026-09-06 10:32:35.206 [info] Got 0 sessions for all scopes...
2026-09-06 10:32:35.207 [info] Getting sessions for all scopes...
2026-09-06 10:32:35.207 [info] Got 0 sessions for all scopes...
2026-09-06 10:32:35.207 [info] Getting sessions for all scopes...
2026-09-06 10:32:35.207 [info] Got 0 sessions for all scopes...
2026-09-06 10:32:35.207 [info] Getting sessions for all scopes...
2026-09-06 10:32:35.207 [info] Got 0 sessions for all scopes...
2026-09-06 10:32:35.208 [info] Getting sessions for all scopes...
2026-09-06 10:32:35.208 [info] Got 0 sessions for all scopes...
2026-09-06 10:32:35.215 [info] Getting sessions for all scopes...
2026-09-06 10:32:35.215 [info] Got 0 sessions for all scopes...
2026-09-06 10:32:35.217 [info] Getting sessions for all scopes...
2026-09-06 10:32:35.217 [info] Got 0 sessions for all scopes...
2026-09-06 10:32:35.218 [info] Getting sessions for all scopes...
2026-09-06 10:32:35.218 [info] Got 0 sessions for all scopes...
2026-09-06 10:32:35.218 [info] Getting sessions for all scopes...
2026-09-06 10:32:35.218 [info] Got 0 sessions for all scopes...
2026-09-06 10:32:35.301 [info] Getting sessions for read:user,user:email...
2026-09-06 10:32:35.301 [info] Got 0 sessions for read:user,user:email...
2026-09-06 10:32:35.504 [info] Getting sessions for read:user,user:email...
2026-09-06 10:32:35.504 [info] Got 0 sessions for read:user,user:email...
2026-09-06 10:32:35.510 [info] Getting sessions for read:user,user:email...
2026-09-06 10:32:35.510 [info] Got 0 sessions for read:user,user:email...
2026-09-06 10:32:35.510 [info] Getting sessions for read:user,user:email...
2026-09-06 10:32:35.511 [info] Got 0 sessions for read:user,user:email...
2026-09-06 10:32:35.512 [info] Getting sessions for read:user,user:email...
2026-09-06 10:32:35.512 [info] Got 0 sessions for read:user,user:email...
2026-09-06 10:32:35.512 [info] Getting sessions for read:user,user:email...
2026-09-06 10:32:35.512 [info] Got 0 sessions for read:user,user:email...
2026-09-06 10:32:35.512 [info] Getting sessions for read:user,user:email...
2026-09-06 10:32:35.512 [info] Got 0 sessions for read:user,user:email...
2026-09-06 10:32:35.513 [info] Getting sessions for read:user,user:email...
2026-09-06 10:32:35.513 [info] Got 0 sessions for read:user,user:email...
2026-09-06 10:32:35.516 [info] Getting sessions for read:user,user:email...
2026-09-06 10:32:35.517 [info] Got 0 sessions for read:user,user:email...
2026-09-06 10:32:35.520 [info] Getting sessions for read:user,user:email...
2026-09-06 10:32:35.520 [info] Got 0 sessions for read:user,user:email...
2026-09-06 10:32:35.539 [info] Getting sessions for read:user,user:email...
2026-09-06 10:32:35.540 [info] Got 0 sessions for read:user,user:email...
2026-09-06 10:32:35.545 [info] Getting sessions for read:user,user:email...
2026-09-06 10:32:35.545 [info] Got 0 sessions for read:user,user:email...
2026-09-06 10:32:35.545 [info] Getting sessions for read:user,user:email...
2026-09-06 10:32:35.546 [info] Got 0 sessions for read:user,user:email...
2026-09-06 10:32:35.614 [info] Getting sessions for all scopes...
2026-09-06 10:32:35.614 [info] Got 0 sessions for all scopes...
2026-09-06 10:32:36.469 [info] Getting sessions for all scopes...
2026-09-06 10:32:36.469 [info] Got 0 sessions for all scopes...
2026-09-06 10:32:36.470 [info] Getting sessions for all scopes...
2026-09-06 10:32:36.470 [info] Got 0 sessions for all scopes...
2026-09-06 10:32:36.471 [info] Getting sessions for all scopes...
2026-09-06 10:32:36.471 [info] Got 0 sessions for all scopes...
2026-09-06 10:32:36.472 [info] Getting sessions for all scopes...
2026-09-06 10:32:36.472 [info] Got 0 sessions for all scopes...
2026-09-06 10:32:36.473 [info] Getting sessions for all scopes...
2026-09-06 10:32:36.473 [info] Got 0 sessions for all scopes...
2026-09-06 10:32:36.473 [info] Getting sessions for all scopes...
2026-09-06 10:32:36.473 [info] Got 0 sessions for all scopes...
2026-09-06 10:32:36.474 [info] Getting sessions for all scopes...
2026-09-06 10:32:36.474 [info] Got 0 sessions for all scopes...
2026-09-06 10:32:36.475 [info] Getting sessions for all scopes...
2026-09-06 10:32:36.475 [info] Got 0 sessions for all scopes...
2026-09-06 10:32:36.475 [info] Getting sessions for all scopes...
2026-09-06 10:32:36.475 [info] Got 0 sessions for all scopes...
2026-09-06 10:32:36.476 [info] Getting sessions for all scopes...
2026-09-06 10:32:36.477 [info] Got 0 sessions for all scopes...
2026-09-06 10:32:36.481 [info] Getting sessions for all scopes...
2026-09-06 10:32:36.481 [info] Got 0 sessions for all scopes...
2026-09-06 10:32:36.481 [info] Getting sessions for all scopes...
2026-09-06 10:32:36.481 [info] Got 0 sessions for all scopes...
2026-09-06 10:32:36.498 [info] Getting sessions for repo...
2026-09-06 10:32:36.499 [info] Got 0 sessions for repo...
2026-09-06 10:32:36.679 [info] Getting sessions for repo...
2026-09-06 10:32:36.680 [info] Got 0 sessions for repo...
2026-09-06 10:32:36.680 [info] Getting sessions for repo...
2026-09-06 10:32:36.680 [info] Got 0 sessions for repo...
2026-09-06 10:32:36.680 [info] Getting sessions for repo...
2026-09-06 10:32:36.681 [info] Got 0 sessions for repo...
2026-09-06 10:32:36.684 [info] Getting sessions for repo...
2026-09-06 10:32:36.684 [info] Got 0 sessions for repo...
2026-09-06 10:32:36.687 [info] Getting sessions for repo...
2026-09-06 10:32:36.687 [info] Got 0 sessions for repo...
2026-09-06 10:32:36.688 [info] Getting sessions for repo...
2026-09-06 10:32:36.688 [info] Got 0 sessions for repo...
2026-09-06 10:32:36.689 [info] Getting sessions for repo...
2026-09-06 10:32:36.690 [info] Got 0 sessions for repo...
2026-09-06 10:32:36.691 [info] Getting sessions for repo...
2026-09-06 10:32:36.691 [info] Got 0 sessions for repo...
2026-09-06 10:32:36.692 [info] Getting sessions for repo...
2026-09-06 10:32:36.692 [info] Got 0 sessions for repo...
2026-09-06 10:32:36.693 [info] Getting sessions for repo...
2026-09-06 10:32:36.693 [info] Got 0 sessions for repo...
2026-09-06 10:32:36.694 [info] Getting sessions for repo...
2026-09-06 10:32:36.694 [info] Got 0 sessions for repo...
2026-09-06 10:32:36.694 [info] Getting sessions for repo...
2026-09-06 10:32:36.697 [info] Got 0 sessions for repo...
2026-09-06 10:32:36.726 [info] Getting sessions for all scopes...
2026-09-06 10:32:36.726 [info] Got 0 sessions for all scopes...
2026-09-06 10:32:36.752 [info] Getting sessions for all scopes...
2026-09-06 10:32:36.753 [info] Got 0 sessions for all scopes...
2026-09-06 10:32:36.753 [info] Getting sessions for all scopes...
2026-09-06 10:32:36.753 [info] Got 0 sessions for all scopes...
2026-09-06 10:32:36.753 [info] Getting sessions for all scopes...
2026-09-06 10:32:36.754 [info] Got 0 sessions for all scopes...
2026-09-06 10:32:36.754 [info] Getting sessions for all scopes...
2026-09-06 10:32:36.754 [info] Got 0 sessions for all scopes...
2026-09-06 10:32:36.754 [info] Getting sessions for all scopes...
2026-09-06 10:32:36.754 [info] Got 0 sessions for all scopes...
2026-09-06 10:32:36.754 [info] Getting sessions for all scopes...
2026-09-06 10:32:36.754 [info] Got 0 sessions for all scopes...
2026-09-06 10:32:36.755 [info] Getting sessions for all scopes...
2026-09-06 10:32:36.755 [info] Got 0 sessions for all scopes...
2026-09-06 10:32:36.755 [info] Getting sessions for all scopes...
2026-09-06 10:32:36.755 [info] Got 0 sessions for all scopes...
2026-09-06 10:32:36.755 [info] Getting sessions for all scopes...
2026-09-06 10:32:36.755 [info] Got 0 sessions for all scopes...
2026-09-06 10:32:36.756 [info] Getting sessions for all scopes...
2026-09-06 10:32:36.756 [info] Got 0 sessions for all scopes...
2026-09-06 10:32:36.759 [info] Getting sessions for all scopes...
2026-09-06 10:32:36.760 [info] Got 0 sessions for all scopes...
2026-09-06 10:32:36.760 [info] Getting sessions for all scopes...
2026-09-06 10:32:36.760 [info] Got 0 sessions for all scopes...
2026-09-06 10:32:40.359 [info] Getting sessions for all scopes...
2026-09-06 10:32:40.359 [info] Got 0 sessions for all scopes...
2026-09-07 06:26:51.032 [info] Reading sessions from keychain...
2026-09-07 06:26:51.032 [info] Getting sessions for all scopes...
2026-09-07 06:26:51.032 [info] Got 0 sessions for all scopes...
2026-09-07 06:26:51.032 [info] Getting sessions for all scopes...
2026-09-07 06:26:51.032 [info] Got 0 sessions for all scopes...
2026-09-07 06:26:51.711 [info] Getting sessions for all scopes...
2026-09-07 06:26:51.711 [info] Got 0 sessions for all scopes...
2026-09-07 06:26:55.497 [info] Getting sessions for all scopes...
2026-09-07 06:26:55.497 [info] Got 0 sessions for all scopes...
2026-09-07 06:26:55.761 [info] Getting sessions for read:user,user:email...
2026-09-07 06:26:55.761 [info] Got 0 sessions for read:user,user:email...
2026-09-07 06:26:56.028 [info] Getting sessions for all scopes...
2026-09-07 06:26:56.028 [info] Got 0 sessions for all scopes...
2026-09-07 06:26:56.050 [info] Getting sessions for repo...
2026-09-07 06:26:56.050 [info] Got 0 sessions for repo...
2026-09-07 06:26:56.100 [info] Getting sessions for all scopes...
2026-09-07 06:26:56.101 [info] Got 0 sessions for all scopes...
2026-09-07 06:26:56.143 [info] Getting sessions for read:user,user:email...
2026-09-07 06:26:56.143 [info] Got 0 sessions for read:user,user:email...
2026-09-07 06:26:56.175 [info] Getting sessions for all scopes...
2026-09-07 06:26:56.176 [info] Got 0 sessions for all scopes...
2026-09-07 06:26:56.181 [info] Getting sessions for repo...
2026-09-07 06:26:56.181 [info] Got 0 sessions for repo...
2026-09-07 06:26:56.898 [info] Getting sessions for all scopes...
2026-09-07 06:26:56.898 [info] Got 0 sessions for all scopes...
2026-09-07 06:26:58.121 [info] Getting sessions for all scopes...
2026-09-07 06:26:58.121 [info] Got 0 sessions for all scopes...
