2026-09-04 16:20:44.667 [info] [main] Log level: Info
2026-09-04 16:20:44.667 [info] [main] Validating found git in: "git"
2026-09-04 16:20:44.667 [info] [main] Using git "2.53.0" from "git"
2026-09-04 16:20:44.667 [info] [Model][doInitialScan] Initial repository scan started
2026-09-04 16:20:44.667 [info] > git rev-parse --show-toplevel [46ms]
2026-09-04 16:20:44.667 [info] fatal: not a git repository (or any of the parent directories): .git
2026-09-04 16:20:44.671 [info] > git rev-parse --show-toplevel [10ms]
2026-09-04 16:20:44.671 [info] fatal: not a git repository (or any of the parent directories): .git
2026-09-04 16:20:44.702 [info] > git rev-parse --show-toplevel [19ms]
2026-09-04 16:20:44.702 [info] fatal: not a git repository (or any of the parent directories): .git
2026-09-04 16:20:44.708 [info] [Model][doInitialScan] Initial repository scan completed - repositories (0), closed repositories (0), parent repositories (0), unsafe repositories (0)
2026-09-04 16:21:06.512 [info] > git rev-parse --show-toplevel [9ms]
2026-09-04 16:21:06.512 [info] fatal: not a git repository (or any of the parent directories): .git
2026-09-04 16:21:15.518 [info] > git rev-parse --show-toplevel [21ms]
2026-09-04 16:21:15.518 [info] fatal: not a git repository (or any of the parent directories): .git
2026-09-04 16:21:31.771 [info] > git rev-parse --show-toplevel [12ms]
2026-09-04 16:21:31.771 [info] fatal: not a git repository (or any of the parent directories): .git
2026-09-04 16:22:09.885 [info] > git rev-parse --show-toplevel [30ms]
2026-09-04 16:22:09.885 [info] fatal: not a git repository (or any of the parent directories): .git
2026-09-04 16:22:43.570 [info] > git rev-parse --show-toplevel [16ms]
2026-09-04 16:22:43.570 [info] fatal: not a git repository (or any of the parent directories): .git
2026-09-04 16:23:14.454 [info] > git rev-parse --show-toplevel [17ms]
2026-09-04 16:23:14.454 [info] fatal: not a git repository (or any of the parent directories): .git
2026-09-04 16:23:29.334 [info] > git rev-parse --show-toplevel [10ms]
2026-09-04 16:23:29.334 [info] fatal: not a git repository (or any of the parent directories): .git
2026-09-04 16:23:43.192 [info] > git rev-parse --show-toplevel [28ms]
2026-09-04 16:23:43.192 [info] fatal: not a git repository (or any of the parent directories): .git
2026-09-04 16:23:57.397 [info] > git rev-parse --show-toplevel [12ms]
2026-09-04 16:23:57.397 [info] fatal: not a git repository (or any of the parent directories): .git
2026-09-04 16:24:10.471 [info] > git rev-parse --show-toplevel [31ms]
2026-09-04 16:24:10.471 [info] fatal: not a git repository (or any of the parent directories): .git
2026-09-04 16:24:33.335 [info] > git rev-parse --show-toplevel [17ms]
2026-09-04 16:24:33.336 [info] fatal: not a git repository (or any of the parent directories): .git
2026-09-04 16:24:45.602 [info] > git rev-parse --show-toplevel [12ms]
2026-09-04 16:24:45.602 [info] fatal: not a git repository (or any of the parent directories): .git
2026-09-04 16:25:06.288 [info] > git rev-parse --show-toplevel [23ms]
2026-09-04 16:25:06.289 [info] fatal: not a git repository (or any of the parent directories): .git
2026-09-04 16:25:23.627 [info] > git rev-parse --show-toplevel [30ms]
2026-09-04 16:25:23.628 [info] fatal: not a git repository (or any of the parent directories): .git
2026-09-04 16:26:13.858 [info] > git rev-parse --show-toplevel [19ms]
2026-09-04 16:26:13.858 [info] fatal: not a git repository (or any of the parent directories): .git
2026-09-04 16:26:35.379 [info] > git rev-parse --show-toplevel [13ms]
2026-09-04 16:26:35.379 [info] fatal: not a git repository (or any of the parent directories): .git
2026-09-04 16:26:40.497 [info] > git rev-parse --show-toplevel [18ms]
2026-09-04 16:26:40.497 [info] fatal: not a git repository (or any of the parent directories): .git
2026-09-04 16:27:08.489 [info] > git rev-parse --show-toplevel [18ms]
2026-09-04 16:27:08.489 [info] fatal: not a git repository (or any of the parent directories): .git
2026-09-04 16:27:41.500 [info] > git rev-parse --show-toplevel [18ms]
2026-09-04 16:27:41.500 [info] fatal: not a git repository (or any of the parent directories): .git
2026-09-04 16:27:56.947 [info] > git rev-parse --show-toplevel [13ms]
2026-09-04 16:27:56.947 [info] fatal: not a git repository (or any of the parent directories): .git
2026-09-04 16:28:21.187 [info] > git rev-parse --show-toplevel [18ms]
2026-09-04 16:28:21.187 [info] fatal: not a git repository (or any of the parent directories): .git
2026-09-04 16:28:36.766 [info] > git rev-parse --show-toplevel [11ms]
2026-09-04 16:28:36.767 [info] fatal: not a git repository (or any of the parent directories): .git
2026-09-04 16:31:47.867 [info] > git rev-parse --show-toplevel [7ms]
2026-09-04 16:31:47.867 [info] fatal: not a git repository (or any of the parent directories): .git
2026-09-04 16:31:57.248 [info] > git rev-parse --show-toplevel [27ms]
2026-09-04 16:31:57.248 [info] fatal: not a git repository (or any of the parent directories): .git
2026-09-04 16:32:30.217 [info] > git rev-parse --show-toplevel [9ms]
2026-09-04 16:32:30.217 [info] fatal: not a git repository (or any of the parent directories): .git
2026-09-04 16:37:49.261 [info] > git rev-parse --show-toplevel [9ms]
2026-09-04 16:37:49.262 [info] fatal: not a git repository (or any of the parent directories): .git
2026-09-04 16:46:18.924 [info] > git rev-parse --show-toplevel [8ms]
2026-09-04 16:46:18.924 [info] fatal: not a git repository (or any of the parent directories): .git
2026-09-04 16:47:16.172 [info] > git rev-parse --show-toplevel [7ms]
2026-09-04 16:47:16.172 [info] fatal: not a git repository (or any of the parent directories): .git
2026-09-04 16:47:35.443 [info] > git rev-parse --show-toplevel [6ms]
2026-09-04 16:47:35.444 [info] fatal: not a git repository (or any of the parent directories): .git
2026-09-04 16:47:55.996 [info] > git rev-parse --show-toplevel [7ms]
2026-09-04 16:47:55.996 [info] fatal: not a git repository (or any of the parent directories): .git
2026-09-04 16:48:09.023 [info] > git rev-parse --show-toplevel [20ms]
2026-09-04 16:48:09.023 [info] fatal: not a git repository (or any of the parent directories): .git
2026-09-04 16:48:18.590 [info] > git rev-parse --show-toplevel [20ms]
2026-09-04 16:48:18.590 [info] fatal: not a git repository (or any of the parent directories): .git
2026-09-04 16:48:29.573 [info] > git rev-parse --show-toplevel [8ms]
2026-09-04 16:48:29.573 [info] fatal: not a git repository (or any of the parent directories): .git
2026-09-04 16:48:32.721 [info] > git rev-parse --show-toplevel [3ms]
2026-09-04 16:48:32.721 [info] fatal: not a git repository (or any of the parent directories): .git
2026-09-04 16:48:33.881 [info] > git rev-parse --show-toplevel [7ms]
2026-09-04 16:48:33.881 [info] fatal: not a git repository (or any of the parent directories): .git
2026-09-04 16:49:24.186 [info] > git rev-parse --show-toplevel [10ms]
2026-09-04 16:49:24.186 [info] fatal: not a git repository (or any of the parent directories): .git
2026-09-04 16:49:25.850 [info] > git rev-parse --show-toplevel [12ms]
2026-09-04 16:49:25.850 [info] fatal: not a git repository (or any of the parent directories): .git
2026-09-04 16:49:28.888 [info] > git rev-parse --show-toplevel [5ms]
2026-09-04 16:49:28.888 [info] fatal: not a git repository (or any of the parent directories): .git
2026-09-04 16:52:14.918 [info] > git rev-parse --show-toplevel [143ms]
2026-09-04 16:52:14.921 [info] fatal: not a git repository (or any of the parent directories): .git
2026-09-04 17:02:41.039 [info] > git rev-parse --show-toplevel [138ms]
2026-09-04 17:02:41.040 [info] fatal: not a git repository (or any of the parent directories): .git
2026-09-04 17:04:48.881 [info] > git rev-parse --show-toplevel [13ms]
2026-09-04 17:04:48.882 [info] fatal: not a git repository (or any of the parent directories): .git
2026-09-04 17:05:22.511 [info] > git rev-parse --show-toplevel [10ms]
2026-09-04 17:05:22.511 [info] fatal: not a git repository (or any of the parent directories): .git
2026-09-04 17:05:48.855 [info] > git rev-parse --show-toplevel [13ms]
2026-09-04 17:05:48.855 [info] fatal: not a git repository (or any of the parent directories): .git
2026-09-04 17:08:38.932 [info] > git rev-parse --show-toplevel [13ms]
2026-09-04 17:08:38.932 [info] fatal: not a git repository (or any of the parent directories): .git
2026-09-04 17:09:03.774 [info] > git rev-parse --show-toplevel [14ms]
2026-09-04 17:09:03.774 [info] fatal: not a git repository (or any of the parent directories): .git
2026-09-04 17:09:38.152 [info] > git rev-parse --show-toplevel [12ms]
2026-09-04 17:09:38.153 [info] fatal: not a git repository (or any of the parent directories): .git
2026-09-04 17:10:14.346 [info] > git rev-parse --show-toplevel [12ms]
2026-09-04 17:10:14.346 [info] fatal: not a git repository (or any of the parent directories): .git
2026-09-04 17:10:20.628 [info] > git rev-parse --show-toplevel [10ms]
2026-09-04 17:10:20.628 [info] fatal: not a git repository (or any of the parent directories): .git
2026-09-04 17:15:29.531 [info] [main] Log level: Info
2026-09-04 17:15:29.532 [info] [main] Validating found git in: "git"
2026-09-04 17:15:29.532 [info] [main] Using git "2.53.0" from "git"
2026-09-04 17:15:29.532 [info] [Model][doInitialScan] Initial repository scan started
2026-09-04 17:15:29.548 [info] > git rev-parse --show-toplevel [21ms]
2026-09-04 17:15:29.548 [info] fatal: not a git repository (or any of the parent directories): .git
2026-09-04 17:15:29.577 [info] > git rev-parse --show-toplevel [2ms]
2026-09-04 17:15:29.577 [info] fatal: not a git repository (or any of the parent directories): .git
2026-09-04 17:15:29.589 [info] > git rev-parse --show-toplevel [2ms]
2026-09-04 17:15:29.590 [info] fatal: not a git repository (or any of the parent directories): .git
2026-09-04 17:15:29.600 [info] > git rev-parse --show-toplevel [4ms]
2026-09-04 17:15:29.600 [info] fatal: not a git repository (or any of the parent directories): .git
2026-09-04 17:15:29.603 [info] [Model][doInitialScan] Initial repository scan completed - repositories (0), closed repositories (0), parent repositories (0), unsafe repositories (0)
2026-09-04 17:15:43.640 [info] > git rev-parse --show-toplevel [11ms]
2026-09-04 17:15:43.641 [info] fatal: not a git repository (or any of the parent directories): .git
2026-09-04 17:16:11.567 [info] > git rev-parse --show-toplevel [5ms]
2026-09-04 17:16:11.567 [info] fatal: not a git repository (or any of the parent directories): .git
2026-09-04 17:16:11.729 [info] > git rev-parse --show-toplevel [6ms]
2026-09-04 17:16:11.730 [info] fatal: not a git repository (or any of the parent directories): .git
2026-09-04 17:16:14.201 [info] > git rev-parse --show-toplevel [202ms]
2026-09-04 17:16:14.201 [info] fatal: not a git repository (or any of the parent directories): .git
2026-09-04 17:16:15.570 [info] > git rev-parse --show-toplevel [23ms]
2026-09-04 17:16:15.570 [info] fatal: not a git repository (or any of the parent directories): .git
2026-09-04 17:36:14.886 [info] > git rev-parse --show-toplevel [25ms]
2026-09-04 17:36:14.888 [info] fatal: not a git repository (or any of the parent directories): .git
2026-09-04 17:39:13.435 [info] > git rev-parse --show-toplevel [19ms]
2026-09-04 17:39:13.436 [info] fatal: not a git repository (or any of the parent directories): .git
2026-09-04 17:39:45.502 [info] > git rev-parse --show-toplevel [53ms]
2026-09-04 17:39:45.506 [info] fatal: not a git repository (or any of the parent directories): .git
2026-09-04 17:40:01.494 [info] > git rev-parse --show-toplevel [76ms]
2026-09-04 17:40:01.501 [info] fatal: not a git repository (or any of the parent directories): .git
2026-09-04 17:44:00.538 [info] > git rev-parse --show-toplevel [147ms]
2026-09-04 17:44:00.563 [info] fatal: not a git repository (or any of the parent directories): .git
2026-09-04 17:46:17.642 [info] > git rev-parse --show-toplevel [13ms]
2026-09-04 17:46:17.642 [info] fatal: not a git repository (or any of the parent directories): .git
2026-09-04 17:46:19.043 [info] > git rev-parse --show-toplevel [32ms]
2026-09-04 17:46:19.046 [info] fatal: not a git repository (or any of the parent directories): .git
2026-09-04 17:49:50.173 [info] > git rev-parse --show-toplevel [26ms]
2026-09-04 17:49:50.177 [info] fatal: not a git repository (or any of the parent directories): .git
2026-09-04 17:51:20.259 [info] > git rev-parse --show-toplevel [65ms]
2026-09-04 17:51:20.259 [info] fatal: not a git repository (or any of the parent directories): .git
2026-09-04 17:51:35.129 [info] > git rev-parse --show-toplevel [30ms]
2026-09-04 17:51:35.133 [info] fatal: not a git repository (or any of the parent directories): .git
2026-09-04 17:52:06.093 [info] > git rev-parse --show-toplevel [49ms]
2026-09-04 17:52:06.099 [info] fatal: not a git repository (or any of the parent directories): .git
2026-09-04 17:52:29.444 [info] > git rev-parse --show-toplevel [52ms]
2026-09-04 17:52:29.444 [info] fatal: not a git repository (or any of the parent directories): .git
2026-09-04 17:52:41.046 [info] > git rev-parse --show-toplevel [9ms]
2026-09-04 17:52:41.046 [info] fatal: not a git repository (or any of the parent directories): .git
2026-09-04 17:52:48.075 [info] > git rev-parse --show-toplevel [54ms]
2026-09-04 17:52:48.075 [info] fatal: not a git repository (or any of the parent directories): .git
2026-09-04 17:54:26.167 [info] > git rev-parse --show-toplevel [55ms]
2026-09-04 17:54:26.167 [info] fatal: not a git repository (or any of the parent directories): .git
2026-09-04 17:59:17.605 [info] > git rev-parse --show-toplevel [119ms]
2026-09-04 17:59:17.606 [info] fatal: not a git repository (or any of the parent directories): .git
2026-09-04 17:59:17.689 [info] > git rev-parse --show-toplevel [33ms]
2026-09-04 17:59:17.698 [info] fatal: not a git repository (or any of the parent directories): .git
2026-09-04 17:59:24.329 [info] > git rev-parse --show-toplevel [61ms]
2026-09-04 17:59:24.329 [info] fatal: not a git repository (or any of the parent directories): .git
2026-09-04 17:59:24.386 [info] > git rev-parse --show-toplevel [25ms]
2026-09-04 17:59:24.388 [info] fatal: not a git repository (or any of the parent directories): .git
2026-09-04 18:14:02.216 [info] > git rev-parse --show-toplevel [23ms]
2026-09-04 18:14:02.217 [info] fatal: not a git repository (or any of the parent directories): .git
2026-09-04 18:15:53.554 [info] > git rev-parse --show-toplevel [25ms]
2026-09-04 18:15:53.556 [info] fatal: not a git repository (or any of the parent directories): .git
2026-09-04 18:23:39.734 [info] > git rev-parse --show-toplevel [22ms]
2026-09-04 18:23:39.737 [info] fatal: not a git repository (or any of the parent directories): .git
2026-09-04 18:48:09.573 [info] > git rev-parse --show-toplevel [15ms]
2026-09-04 18:48:09.575 [info] fatal: not a git repository (or any of the parent directories): .git
2026-09-04 18:48:46.128 [info] > git rev-parse --show-toplevel [14ms]
2026-09-04 18:48:46.128 [info] fatal: not a git repository (or any of the parent directories): .git
2026-09-04 18:48:54.127 [info] > git rev-parse --show-toplevel [49ms]
2026-09-04 18:48:54.128 [info] fatal: not a git repository (or any of the parent directories): .git
2026-09-04 18:50:12.874 [info] > git rev-parse --show-toplevel [14ms]
2026-09-04 18:50:12.875 [info] fatal: not a git repository (or any of the parent directories): .git
2026-09-04 18:50:31.404 [info] > git rev-parse --show-toplevel [14ms]
2026-09-04 18:50:31.404 [info] fatal: not a git repository (or any of the parent directories): .git
2026-09-04 18:55:29.560 [info] > git rev-parse --show-toplevel [43ms]
2026-09-04 18:55:29.567 [info] fatal: not a git repository (or any of the parent directories): .git
2026-09-05 16:25:45.271 [info] > git rev-parse --show-toplevel [37ms]
2026-09-05 16:25:45.273 [info] fatal: not a git repository (or any of the parent directories): .git
2026-09-05 16:25:52.613 [info] > git rev-parse --show-toplevel [12ms]
2026-09-05 16:25:52.613 [info] fatal: not a git repository (or any of the parent directories): .git
