Locating server…
Booting server...
Setting up server…
Listening for messages…
Searching for Tailwind CSS projects in the workspace's folders.
{"tailwind":{"version":"3.4.19","features":["layer:base","separator:root","content-list","jit","css-at-config-as-project","relative-content-paths","transpiled-configs"],"isDefaultVersion":false},"path":"/home/k7dx/project/idshield-ai/tailwind.config.js"}
[Global] Creating projects: [{"folder":"/home/k7dx/project/idshield-ai","config":"/home/k7dx/project/idshield-ai/tailwind.config.js","selectors":[{"pattern":"/home/k7dx/project/idshield-ai/tailwind.config.js","priority":0},{"pattern":"/home/k7dx/project/idshield-ai/**","priority":3},{"pattern":"/home/k7dx/project/idshield-ai/**","priority":5}],"user":false,"tailwind":{"version":"3.4.19","features":["layer:base","separator:root","content-list","jit","css-at-config-as-project","relative-content-paths","transpiled-configs"],"isDefaultVersion":false}}]
[Global] Preparing projects...
[Global] Adding watch patterns: /home/k7dx/project/idshield-ai/tailwind.config.js, /home/k7dx/project/idshield-ai
[Global] Initializing projects...
[Global] Initialized 0 projects
[tailwind.config.js] Initializing...
[tailwind.config.js] supported features: ["layer:base","separator:root","content-list","jit","css-at-config-as-project","relative-content-paths","transpiled-configs"]
[tailwind.config.js] Loaded tailwindcss v3.4.19: /home/k7dx/project/idshield-ai/node_modules/tailwindcss
[tailwind.config.js] Loaded Tailwind CSS config file: /home/k7dx/project/idshield-ai/tailwind.config.js
[tailwind.config.js] Loaded postcss v8.5.28: /home/k7dx/project/idshield-ai/node_modules/postcss
[tailwind.config.js] Building...
[tailwind.config.js] File changed: /home/k7dx/project/idshield-ai/tailwind.config.js
[tailwind.config.js] Building...
[tailwind.config.js] File changed: /home/k7dx/project/idshield-ai/tailwind.config.js
[tailwind.config.js] Building...
----------
RESTARTING
----------
[Info  - 16:32:05] [GLOBAL] No matching project for document {
  fsPath: '/home/k7dx/project/idshield-ai/tailwind.config.js',
  normalPath: '/home/k7dx/project/idshield-ai/tailwind.config.js'
}
[Info  - 16:32:05] [GLOBAL] No matching project for document {
  fsPath: '/home/k7dx/project/idshield-ai/src/index.css',
  normalPath: '/home/k7dx/project/idshield-ai/src/index.css'
}
[Info  - 16:32:05] [GLOBAL] No matching project for document {
  fsPath: '/home/k7dx/project/idshield-ai/src/types/index.ts',
  normalPath: '/home/k7dx/project/idshield-ai/src/types/index.ts'
}
[Info  - 16:32:05] [GLOBAL] No matching project for document {
  fsPath: '/home/k7dx/project/idshield-ai/src/data/mockData.ts',
  normalPath: '/home/k7dx/project/idshield-ai/src/data/mockData.ts'
}
[Info  - 16:32:05] [GLOBAL] No matching project for document {
  fsPath: '/home/k7dx/project/idshield-ai/src/components/StatusBadge.tsx',
  normalPath: '/home/k7dx/project/idshield-ai/src/components/StatusBadge.tsx'
}
[Info  - 16:32:05] [GLOBAL] No matching project for document {
  fsPath: '/home/k7dx/project/idshield-ai/src/components/KpiCard.tsx',
  normalPath: '/home/k7dx/project/idshield-ai/src/components/KpiCard.tsx'
}
[Info  - 16:32:05] [GLOBAL] No matching project for document {
  fsPath: '/home/k7dx/project/idshield-ai/src/components/RiskGauge.tsx',
  normalPath: '/home/k7dx/project/idshield-ai/src/components/RiskGauge.tsx'
}
[Info  - 16:32:05] [GLOBAL] No matching project for document {
  fsPath: '/home/k7dx/project/idshield-ai/src/components/RiskWaterfall.tsx',
  normalPath: '/home/k7dx/project/idshield-ai/src/components/RiskWaterfall.tsx'
}
[Info  - 16:32:05] [GLOBAL] No matching project for document {
  fsPath: '/home/k7dx/project/idshield-ai/src/components/EvidenceViewer.tsx',
  normalPath: '/home/k7dx/project/idshield-ai/src/components/EvidenceViewer.tsx'
}
[Info  - 16:32:05] [GLOBAL] No matching project for document {
  fsPath: '/home/k7dx/project/idshield-ai/src/layout/Header.tsx',
  normalPath: '/home/k7dx/project/idshield-ai/src/layout/Header.tsx'
}
[Info  - 16:32:05] [GLOBAL] No matching project for document {
  fsPath: '/home/k7dx/project/idshield-ai/src/layout/Sidebar.tsx',
  normalPath: '/home/k7dx/project/idshield-ai/src/layout/Sidebar.tsx'
}
[Info  - 16:32:05] [GLOBAL] No matching project for document {
  fsPath: '/home/k7dx/project/idshield-ai/src/layout/DashboardLayout.tsx',
  normalPath: '/home/k7dx/project/idshield-ai/src/layout/DashboardLayout.tsx'
}
[Info  - 16:32:05] [GLOBAL] No matching project for document {
  fsPath: '/home/k7dx/project/idshield-ai/src/pages/OverviewPage.tsx',
  normalPath: '/home/k7dx/project/idshield-ai/src/pages/OverviewPage.tsx'
}
[Info  - 16:32:05] [GLOBAL] No matching project for document {
  fsPath: '/home/k7dx/project/idshield-ai/src/pages/ScreeningPage.tsx',
  normalPath: '/home/k7dx/project/idshield-ai/src/pages/ScreeningPage.tsx'
}
[Info  - 16:32:05] [GLOBAL] No matching project for document {
  fsPath: '/home/k7dx/project/idshield-ai/src/pages/AnalysisResultPage.tsx',
  normalPath: '/home/k7dx/project/idshield-ai/src/pages/AnalysisResultPage.tsx'
}
[Info  - 16:32:05] [GLOBAL] No matching project for document {
  fsPath: '/home/k7dx/project/idshield-ai/src/pages/AnalyticsPage.tsx',
  normalPath: '/home/k7dx/project/idshield-ai/src/pages/AnalyticsPage.tsx'
}
[Info  - 16:32:05] [GLOBAL] No matching project for document {
  fsPath: '/home/k7dx/project/idshield-ai/src/pages/ReportModal.tsx',
  normalPath: '/home/k7dx/project/idshield-ai/src/pages/ReportModal.tsx'
}
[Info  - 16:32:05] [GLOBAL] No matching project for document {
  fsPath: '/home/k7dx/project/idshield-ai/src/App.tsx',
  normalPath: '/home/k7dx/project/idshield-ai/src/App.tsx'
}
[Info  - 16:32:05] [GLOBAL] No matching project for document {
  fsPath: '/home/k7dx/project/idshield-ai/src/main.tsx',
  normalPath: '/home/k7dx/project/idshield-ai/src/main.tsx'
}
Searching for Tailwind CSS projects in the workspace's folders.
{"tailwind":{"version":"3.4.19","features":["layer:base","separator:root","content-list","jit","css-at-config-as-project","relative-content-paths","transpiled-configs"],"isDefaultVersion":false},"path":"/home/k7dx/project/idshield-ai/tailwind.config.js"}
{"tailwind":{"version":"3.4.19","features":["layer:base","separator:root","content-list","jit","css-at-config-as-project","relative-content-paths","transpiled-configs"],"isDefaultVersion":false},"path":"/home/k7dx/project/idshield-ai/src/index.css"}
[Global] Creating projects: [{"folder":"/home/k7dx/project/idshield-ai","config":"/home/k7dx/project/idshield-ai/tailwind.config.js","selectors":[{"pattern":"/home/k7dx/project/idshield-ai/tailwind.config.js","priority":0},{"pattern":"/home/k7dx/project/idshield-ai/**","priority":3},{"pattern":"/home/k7dx/project/idshield-ai/**","priority":5}],"user":false,"tailwind":{"version":"3.4.19","features":["layer:base","separator:root","content-list","jit","css-at-config-as-project","relative-content-paths","transpiled-configs"],"isDefaultVersion":false}}]
[Global] Preparing projects...
[Global] Adding watch patterns: /home/k7dx/project/idshield-ai/tailwind.config.js, /home/k7dx/project/idshield-ai
[Global] Initializing projects...
[tailwind.config.js] Initializing...
[tailwind.config.js] supported features: ["layer:base","separator:root","content-list","jit","css-at-config-as-project","relative-content-paths","transpiled-configs"]
[tailwind.config.js] Loaded tailwindcss v3.4.19: /home/k7dx/project/idshield-ai/node_modules/tailwindcss
[tailwind.config.js] Loaded Tailwind CSS config file: /home/k7dx/project/idshield-ai/tailwind.config.js
[tailwind.config.js] Loaded postcss v8.5.28: /home/k7dx/project/idshield-ai/node_modules/postcss
[tailwind.config.js] Building...
[Global] Initialized 1 projects
