Locating server…
Booting server...
Setting up server…
Listening for messages…
Searching for Tailwind CSS projects in the workspace's folders.
{"tailwind":{"version":"4.1.18","features":["css-at-theme","layer:base","content-list","source-inline","source-not"],"isDefaultVersion":true},"path":"/home/k7dx/project/~/.vscode-root/User/History/-6f3c48d1/d7Mn.css"}
[Warn  - 06:27:24] The config /home/k7dx/project/~/.vscode-root/User/History/-6f3c48d1/d7Mn.css looks like it might be for a different Tailwind CSS version. Skipping.
{"tailwind":{"version":"3.4.19","features":["layer:base","separator:root","content-list","jit","css-at-config-as-project","relative-content-paths","transpiled-configs"],"isDefaultVersion":false},"path":"/home/k7dx/project/idshield-ai/tailwind.config.js"}
{"tailwind":{"version":"3.4.19","features":["layer:base","separator:root","content-list","jit","css-at-config-as-project","relative-content-paths","transpiled-configs"],"isDefaultVersion":false},"path":"/home/k7dx/project/idshield-ai/src/index.css"}
[Global] Creating projects: [{"folder":"/home/k7dx/project","config":"/home/k7dx/project/idshield-ai/tailwind.config.js","selectors":[{"pattern":"/home/k7dx/project/idshield-ai/tailwind.config.js","priority":0},{"pattern":"/home/k7dx/project/idshield-ai/**","priority":3},{"pattern":"/home/k7dx/project/**","priority":5}],"user":false,"tailwind":{"version":"3.4.19","features":["layer:base","separator:root","content-list","jit","css-at-config-as-project","relative-content-paths","transpiled-configs"],"isDefaultVersion":false}}]
[Global] Preparing projects...
[Global] Adding watch patterns: /home/k7dx/project/idshield-ai/tailwind.config.js, /home/k7dx/project/idshield-ai, /home/k7dx/project
[Global] Initializing projects...
[idshield-ai/tailwind.config.js] Initializing...
[idshield-ai/tailwind.config.js] supported features: ["layer:base","separator:root","content-list","jit","css-at-config-as-project","relative-content-paths","transpiled-configs"]
[idshield-ai/tailwind.config.js] Loaded tailwindcss v3.4.19: /home/k7dx/project/idshield-ai/node_modules/tailwindcss
[idshield-ai/tailwind.config.js] Loaded Tailwind CSS config file: /home/k7dx/project/idshield-ai/tailwind.config.js
[idshield-ai/tailwind.config.js] Loaded postcss v8.5.28: /home/k7dx/project/idshield-ai/node_modules/postcss
[idshield-ai/tailwind.config.js] Building...
[Global] Initialized 1 projects
