2026-09-09 05:04:34.871 [info] Extension host with pid 93292 started
2026-09-09 05:04:34.871 [info] Skipping acquiring lock for /home/k7dx/project/~/.vscode-root/User/workspaceStorage/78a3734e7c6bff9e1f15ec8f64764bbd.
2026-09-09 05:04:35.595 [info] ExtensionService#_doActivateExtension vscode.emmet, startup: false, activationEvent: 'onLanguage'
2026-09-09 05:04:35.637 [info] ExtensionService#_doActivateExtension ms-python.python, startup: false, activationEvent: 'onLanguage:python', root cause: ms-python.debugpy
2026-09-09 05:04:36.023 [info] ExtensionService#_doActivateExtension ms-python.vscode-pylance, startup: false, activationEvent: 'onLanguage:python'
2026-09-09 05:04:36.616 [info] ExtensionService#_doActivateExtension ms-python.vscode-python-envs, startup: false, activationEvent: 'onLanguage:python'
2026-09-09 05:04:36.705 [info] ExtensionService#_doActivateExtension vscode.github-authentication, startup: false, activationEvent: 'onAuthenticationRequest:github'
2026-09-09 05:04:36.942 [info] ExtensionService#_doActivateExtension vscode.git-base, startup: true, activationEvent: '*', root cause: vscode.git
2026-09-09 05:04:36.949 [info] ExtensionService#_doActivateExtension christian-kohler.path-intellisense, startup: true, activationEvent: '*'
2026-09-09 05:04:36.984 [info] ExtensionService#_doActivateExtension formulahendry.auto-rename-tag, startup: true, activationEvent: '*'
2026-09-09 05:04:37.518 [info] ExtensionService#_doActivateExtension vscode.git, startup: true, activationEvent: '*'
2026-09-09 05:04:37.688 [info] ExtensionService#_doActivateExtension vscode.github, startup: true, activationEvent: '*'
2026-09-09 05:04:38.098 [info] ExtensionService#_doActivateExtension vscode.terminal-suggest, startup: false, activationEvent: 'onTerminalShellIntegration:*'
2026-09-09 05:04:38.387 [info] Eager extensions activated
2026-09-09 05:04:38.622 [info] ExtensionService#_doActivateExtension vscode.debug-auto-launch, startup: false, activationEvent: 'onStartupFinished'
2026-09-09 05:04:38.641 [info] ExtensionService#_doActivateExtension vscode.merge-conflict, startup: false, activationEvent: 'onStartupFinished'
2026-09-09 05:04:38.729 [info] ExtensionService#_doActivateExtension bradlc.vscode-tailwindcss, startup: false, activationEvent: 'onStartupFinished'
2026-09-09 05:04:38.875 [info] ExtensionService#_doActivateExtension dbaeumer.vscode-eslint, startup: false, activationEvent: 'onStartupFinished'
2026-09-09 05:04:38.959 [info] ExtensionService#_doActivateExtension dsznajder.es7-react-js-snippets, startup: false, activationEvent: 'onStartupFinished'
2026-09-09 05:04:40.466 [info] ExtensionService#_doActivateExtension esbenp.prettier-vscode, startup: false, activationEvent: 'onStartupFinished'
2026-09-09 05:04:40.480 [info] ExtensionService#_doActivateExtension usernamehw.errorlens, startup: false, activationEvent: 'onStartupFinished'
2026-09-09 05:04:42.441 [info] ExtensionService#_doActivateExtension ms-python.debugpy, startup: false, activationEvent: 'onLanguage:python'
2026-09-09 05:04:51.029 [warning] DiagnosticCollection with name 'Pylance' does already exist.
2026-09-09 05:09:25.350 [info] Extension host terminating: received terminate message from renderer
2026-09-09 05:09:25.370 [error] An error occurred when disposing the subscriptions for extension 'ms-python.vscode-python-envs':
2026-09-09 05:09:25.372 [error] Error: Channel has been closed
    at r (file:///usr/share/code/resources/app/out/vs/workbench/api/node/extensionHostProcess.js:549:3935)
    at Object.error (file:///usr/share/code/resources/app/out/vs/workbench/api/node/extensionHostProcess.js:549:4394)
    at Object.dispose (/root/.vscode/extensions/ms-python.vscode-python-envs-1.36.0-linux-x64/dist/extension.js:2:577510)
    at /root/.vscode/extensions/ms-python.vscode-python-envs-1.36.0-linux-x64/dist/extension.js:2:576097
    at Array.forEach (<anonymous>)
    at D.dispose (/root/.vscode/extensions/ms-python.vscode-python-envs-1.36.0-linux-x64/dist/extension.js:2:576084)
    at In (file:///usr/share/code/resources/app/out/vs/workbench/api/node/extensionHostProcess.js:429:736)
    at I_._fn (file:///usr/share/code/resources/app/out/vs/workbench/api/node/extensionHostProcess.js:546:18838)
    at I_.dispose (file:///usr/share/code/resources/app/out/vs/workbench/api/node/extensionHostProcess.js:429:1248)
    at FR._deactivate (file:///usr/share/code/resources/app/out/vs/workbench/api/node/extensionHostProcess.js:546:15155)
    at file:///usr/share/code/resources/app/out/vs/workbench/api/node/extensionHostProcess.js:546:12457
    at Array.map (<anonymous>)
    at FR._deactivateAll (file:///usr/share/code/resources/app/out/vs/workbench/api/node/extensionHostProcess.js:546:12445)
    at FR.terminate (file:///usr/share/code/resources/app/out/vs/workbench/api/node/extensionHostProcess.js:546:12796)
    at i.terminate (file:///usr/share/code/resources/app/out/vs/workbench/api/node/extensionHostProcess.js:548:1072)
    at ma (file:///usr/share/code/resources/app/out/vs/workbench/api/node/extensionHostProcess.js:851:11797)
    at Np.value (file:///usr/share/code/resources/app/out/vs/workbench/api/node/extensionHostProcess.js:851:9939)
    at T._deliver (file:///usr/share/code/resources/app/out/vs/workbench/api/node/extensionHostProcess.js:431:3617)
    at T.fire (file:///usr/share/code/resources/app/out/vs/workbench/api/node/extensionHostProcess.js:431:3935)
    at ys.fire (file:///usr/share/code/resources/app/out/vs/workbench/api/node/extensionHostProcess.js:433:8627)
    at MessagePortMain.<anonymous> (file:///usr/share/code/resources/app/out/vs/workbench/api/node/extensionHostProcess.js:851:8171)
    at MessagePortMain.emit (node:events:509:28)
    at Object.emit (node:electron/js2c/utility_init:2:2934)
2026-09-09 05:09:25.377 [error] TypeError: Cannot read properties of undefined (reading 'subscriptions')
    at Object.re [as deactivate] (/root/.vscode/extensions/ms-python.vscode-python-envs-1.36.0-linux-x64/dist/extension.js:2:770294)
    at FR._deactivate (file:///usr/share/code/resources/app/out/vs/workbench/api/node/extensionHostProcess.js:546:14930)
    at file:///usr/share/code/resources/app/out/vs/workbench/api/node/extensionHostProcess.js:546:12457
    at Array.map (<anonymous>)
    at FR._deactivateAll (file:///usr/share/code/resources/app/out/vs/workbench/api/node/extensionHostProcess.js:546:12445)
    at FR.terminate (file:///usr/share/code/resources/app/out/vs/workbench/api/node/extensionHostProcess.js:546:12796)
    at i.terminate (file:///usr/share/code/resources/app/out/vs/workbench/api/node/extensionHostProcess.js:548:1072)
    at ma (file:///usr/share/code/resources/app/out/vs/workbench/api/node/extensionHostProcess.js:851:11797)
    at Np.value (file:///usr/share/code/resources/app/out/vs/workbench/api/node/extensionHostProcess.js:851:9939)
    at T._deliver (file:///usr/share/code/resources/app/out/vs/workbench/api/node/extensionHostProcess.js:431:3617)
    at T.fire (file:///usr/share/code/resources/app/out/vs/workbench/api/node/extensionHostProcess.js:431:3935)
    at ys.fire (file:///usr/share/code/resources/app/out/vs/workbench/api/node/extensionHostProcess.js:433:8627)
    at MessagePortMain.<anonymous> (file:///usr/share/code/resources/app/out/vs/workbench/api/node/extensionHostProcess.js:851:8171)
    at MessagePortMain.emit (node:events:509:28)
    at Object.emit (node:electron/js2c/utility_init:2:2934)
2026-09-09 05:09:25.386 [info] Extension host with pid 93292 exiting with code 0
