2026-09-09 11:47:45.744 [info] Reading sessions from keychain...
2026-09-09 11:47:45.744 [info] Getting sessions for all scopes...
2026-09-09 11:47:45.758 [info] Got 0 sessions for all scopes...
2026-09-09 11:47:45.758 [info] Getting sessions for all scopes...
2026-09-09 11:47:45.758 [info] Got 0 sessions for all scopes...
2026-09-09 11:47:46.017 [info] Getting sessions for all scopes...
2026-09-09 11:47:46.017 [info] Got 0 sessions for all scopes...
2026-09-09 11:47:52.460 [info] Getting sessions for all scopes...
2026-09-09 11:47:52.460 [info] Got 0 sessions for all scopes...
2026-09-09 11:47:52.504 [info] Getting sessions for read:user,user:email...
2026-09-09 11:47:52.504 [info] Got 0 sessions for read:user,user:email...
2026-09-09 11:47:53.507 [info] Getting sessions for all scopes...
2026-09-09 11:47:53.508 [info] Got 0 sessions for all scopes...
2026-09-09 11:47:54.417 [info] Getting sessions for repo...
2026-09-09 11:47:54.417 [info] Got 0 sessions for repo...
2026-09-09 11:47:54.487 [info] Getting sessions for all scopes...
2026-09-09 11:47:54.488 [info] Got 0 sessions for all scopes...
2026-09-09 11:47:54.555 [info] Getting sessions for read:user,user:email...
2026-09-09 11:47:54.555 [info] Got 0 sessions for read:user,user:email...
2026-09-09 11:47:54.588 [info] Getting sessions for all scopes...
2026-09-09 11:47:54.589 [info] Got 0 sessions for all scopes...
2026-09-09 11:47:54.618 [info] Getting sessions for repo...
2026-09-09 11:47:54.619 [info] Got 0 sessions for repo...
2026-09-09 11:47:54.633 [info] Getting sessions for all scopes...
2026-09-09 11:47:54.633 [info] Got 0 sessions for all scopes...
