2026-09-04 16:20:27.844 [info] Reading sessions from keychain...
2026-09-04 16:20:27.844 [info] Getting sessions for all scopes...
2026-09-04 16:20:28.079 [info] Got 0 sessions for all scopes...
2026-09-04 16:20:28.080 [info] Getting sessions for all scopes...
2026-09-04 16:20:28.080 [info] Got 0 sessions for all scopes...
2026-09-04 16:20:28.154 [info] Getting sessions for all scopes...
2026-09-04 16:20:28.154 [info] Got 0 sessions for all scopes...
2026-09-04 16:20:28.363 [info] Getting sessions for all scopes...
2026-09-04 16:20:28.363 [info] Got 0 sessions for all scopes...
2026-09-04 16:20:30.136 [info] Getting sessions for read:user,user:email...
2026-09-04 16:20:30.136 [info] Got 0 sessions for read:user,user:email...
2026-09-04 16:20:30.274 [info] Getting sessions for all scopes...
2026-09-04 16:20:30.274 [info] Got 0 sessions for all scopes...
2026-09-04 16:20:30.322 [info] Getting sessions for repo...
2026-09-04 16:20:30.322 [info] Got 0 sessions for repo...
2026-09-04 16:20:30.325 [info] Getting sessions for all scopes...
2026-09-04 16:20:30.325 [info] Got 0 sessions for all scopes...
2026-09-04 16:20:30.414 [info] Getting sessions for read:user,user:email...
2026-09-04 16:20:30.414 [info] Got 0 sessions for read:user,user:email...
2026-09-04 16:20:30.443 [info] Getting sessions for all scopes...
2026-09-04 16:20:30.443 [info] Got 0 sessions for all scopes...
2026-09-04 16:20:30.482 [info] Getting sessions for repo...
2026-09-04 16:20:30.482 [info] Got 0 sessions for repo...
2026-09-04 16:20:30.484 [info] Getting sessions for all scopes...
2026-09-04 16:20:30.484 [info] Got 0 sessions for all scopes...
2026-09-04 16:20:31.774 [info] Getting sessions for all scopes...
2026-09-04 16:20:31.774 [info] Got 0 sessions for all scopes...
2026-09-04 17:15:17.979 [info] Reading sessions from keychain...
2026-09-04 17:15:17.980 [info] Getting sessions for all scopes...
2026-09-04 17:15:17.980 [info] Got 0 sessions for all scopes...
2026-09-04 17:15:17.980 [info] Getting sessions for all scopes...
2026-09-04 17:15:17.980 [info] Got 0 sessions for all scopes...
2026-09-04 17:15:17.980 [info] Getting sessions for all scopes...
2026-09-04 17:15:17.980 [info] Got 0 sessions for all scopes...
2026-09-04 17:15:19.332 [info] Getting sessions for all scopes...
2026-09-04 17:15:19.332 [info] Got 0 sessions for all scopes...
2026-09-04 17:15:19.358 [info] Getting sessions for read:user,user:email...
2026-09-04 17:15:19.358 [info] Got 0 sessions for read:user,user:email...
2026-09-04 17:15:19.526 [info] Getting sessions for all scopes...
2026-09-04 17:15:19.526 [info] Got 0 sessions for all scopes...
2026-09-04 17:15:19.879 [info] Getting sessions for repo...
2026-09-04 17:15:19.879 [info] Got 0 sessions for repo...
2026-09-04 17:15:20.110 [info] Getting sessions for all scopes...
2026-09-04 17:15:20.110 [info] Got 0 sessions for all scopes...
2026-09-04 17:15:20.216 [info] Getting sessions for read:user,user:email...
2026-09-04 17:15:20.217 [info] Got 0 sessions for read:user,user:email...
2026-09-04 17:15:20.392 [info] Getting sessions for all scopes...
2026-09-04 17:15:20.392 [info] Got 0 sessions for all scopes...
2026-09-04 17:15:20.396 [info] Getting sessions for repo...
2026-09-04 17:15:20.396 [info] Got 0 sessions for repo...
2026-09-04 17:15:20.409 [info] Getting sessions for all scopes...
2026-09-04 17:15:20.409 [info] Got 0 sessions for all scopes...
2026-09-04 17:15:21.942 [info] Getting sessions for all scopes...
2026-09-04 17:15:21.943 [info] Got 0 sessions for all scopes...
