2026-09-09 05:04:38.417 [info] [main] Log level: Info
2026-09-09 05:04:38.417 [info] [main] Validating found git in: "git"
2026-09-09 05:04:38.417 [info] [main] Using git "2.53.0" from "git"
2026-09-09 05:04:38.417 [info] [Model][doInitialScan] Initial repository scan started
2026-09-09 05:04:38.417 [info] > git rev-parse --show-toplevel [14ms]
2026-09-09 05:04:38.417 [info] fatal: not a git repository (or any of the parent directories): .git
2026-09-09 05:04:38.482 [info] > git rev-parse --show-toplevel [45ms]
2026-09-09 05:04:38.482 [info] fatal: not a git repository (or any of the parent directories): .git
2026-09-09 05:04:38.528 [info] > git rev-parse --show-toplevel [15ms]
2026-09-09 05:04:38.528 [info] fatal: not a git repository (or any of the parent directories): .git
2026-09-09 05:04:38.560 [info] > git rev-parse --show-toplevel [14ms]
2026-09-09 05:04:38.560 [info] fatal: not a git repository (or any of the parent directories): .git
2026-09-09 05:04:38.586 [info] > git rev-parse --show-toplevel [10ms]
2026-09-09 05:04:38.586 [info] fatal: not a git repository (or any of the parent directories): .git
2026-09-09 05:04:40.642 [info] > git rev-parse --show-toplevel [2031ms]
2026-09-09 05:04:40.643 [info] fatal: not a git repository (or any of the parent directories): .git
2026-09-09 05:04:40.964 [info] > git rev-parse --show-toplevel [14ms]
2026-09-09 05:04:40.964 [info] fatal: not a git repository (or any of the parent directories): .git
2026-09-09 05:04:40.968 [info] [Model][doInitialScan] Initial repository scan completed - repositories (0), closed repositories (0), parent repositories (0), unsafe repositories (0)
2026-09-09 05:04:41.016 [info] > git rev-parse --show-toplevel [28ms]
2026-09-09 05:04:41.017 [info] fatal: not a git repository (or any of the parent directories): .git
2026-09-09 05:04:41.041 [info] > git rev-parse --show-toplevel [15ms]
2026-09-09 05:04:41.041 [info] fatal: not a git repository (or any of the parent directories): .git
2026-09-09 05:04:41.099 [info] > git rev-parse --show-toplevel [33ms]
2026-09-09 05:04:41.099 [info] fatal: not a git repository (or any of the parent directories): .git
2026-09-09 05:04:41.398 [info] > git rev-parse --show-toplevel [30ms]
2026-09-09 05:04:41.399 [info] fatal: not a git repository (or any of the parent directories): .git
2026-09-09 05:04:41.665 [info] > git rev-parse --show-toplevel [129ms]
2026-09-09 05:04:41.665 [info] fatal: not a git repository (or any of the parent directories): .git
2026-09-09 05:04:42.069 [info] > git rev-parse --show-toplevel [31ms]
2026-09-09 05:04:42.069 [info] fatal: not a git repository (or any of the parent directories): .git
2026-09-09 05:04:42.714 [info] > git rev-parse --show-toplevel [21ms]
2026-09-09 05:04:42.715 [info] fatal: not a git repository (or any of the parent directories): .git
